Checking VALID (Avengers) (tt0848228)...
[VALID (Avengers)] Status: 200
[VALID (Avengers)] Length: 58833
[VALID (Avengers)] Title in HTML: The Avengers (2012)
[VALID (Avengers)] Contains '404': false
[VALID (Avengers)] Contains 'not found': false
-------------------------------------------------
Checking INVALID (Fake ID) (tt999999999999)...
[INVALID (Fake ID)] Status: 404
[INVALID (Fake ID)] Length: 1140
[INVALID (Fake ID)] Title in HTML: 404 Not Found
[INVALID (Fake ID)] Contains '404': true
[INVALID (Fake ID)] Contains 'not found': true
-------------------------------------------------
